// Jest Snapshot v1, https://goo.gl/fbAQLP

exports[`<WalletTabHistory /> should render no history view properly and match the snapshot 1`] = `
<View
  style={
    Object {
      "flex": 1,
    }
  }
>
  <View
    center={true}
    style={
      Object {
        "alignItems": "center",
        "flex": 1,
        "justifyContent": "center",
      }
    }
  >
    <Text
      allowFontScaling={false}
      style={
        Array [
          Object {
            "fontSize": 17,
          },
          Object {
            "fontFamily": "System",
          },
          Object {
            "backgroundColor": "#ffffff",
            "color": "#333333",
          },
          null,
          null,
          null,
          null,
          null,
          null,
          null,
          null,
          null,
          null,
          null,
          null,
          null,
          Object {
            "color": "#9B9B9B",
            "marginVertical": 10,
          },
        ]
      }
    >
      No history to show
    </Text>
  </View>
</View>
`;

exports[`<WalletTabHistory /> should render properly and match the snapshot 1`] = `
<View
  style={
    Object {
      "flex": 1,
    }
  }
>
  <RCTScrollView>
    <View>
      <View
        style={
          Object {
            "borderBottomWidth": 0,
            "marginTop": -1,
          }
        }
      >
        <View
          leftAvatar={
            <Icon
              iconStyle={
                Array [
                  Object {
                    "tintColor": "#333333",
                  },
                ]
              }
              small={true}
              src={
                Object {
                  "default": "RelativeImageStub",
                }
              }
            />
          }
          subtitle={
            <HistoryItem
              action="Withdraw"
              id="asd"
              senderAddress="sov:senderAddress"
              timeStamp="Tue, 04 Aug 2015 12:38:41 GMT"
              tokenAmount="5656"
            />
          }
        >
          <View
            style={
              Object {
                "alignItems": "center",
                "backgroundColor": "#ffffff",
                "borderBottomColor": "#f2f2f2",
                "borderBottomWidth": 1,
                "borderColor": "#bcbbc1",
                "flexDirection": "row",
                "padding": 14,
              }
            }
            testID="padView"
          />
        </View>
        <View
          leftAvatar={
            <Icon
              iconStyle={
                Array [
                  Object {
                    "tintColor": "#333333",
                  },
                ]
              }
              small={true}
              src={
                Object {
                  "default": "RelativeImageStub",
                }
              }
            />
          }
          subtitle={
            <HistoryItem
              action="Purchase"
              id="kld"
              senderAddress="sov:senderAddress"
              senderName="senderName"
              timeStamp="Tue, 04 Aug 2015 14:38:41 GMT"
              tokenAmount="10000"
            />
          }
        >
          <View
            style={
              Object {
                "alignItems": "center",
                "backgroundColor": "#ffffff",
                "borderBottomColor": "#f2f2f2",
                "borderBottomWidth": 1,
                "borderColor": "#bcbbc1",
                "flexDirection": "row",
                "padding": 14,
              }
            }
            testID="padView"
          />
        </View>
      </View>
    </View>
  </RCTScrollView>
</View>
`;
