// Jest Snapshot v1, https://goo.gl/fbAQLP

exports[`<VerifyRecoveryPhrase /> should match snapshot 1`] = `
<RCTSafeAreaView
  accessibilityLabel="verify-passphrase-container-container-touchable"
  accessible={false}
  emulateUnlessSupported={true}
  focusable={true}
  hitSlop={
    Object {
      "bottom": 20,
      "left": 20,
      "right": 20,
      "top": 20,
    }
  }
  onClick={[Function]}
  onResponderGrant={[Function]}
  onResponderMove={[Function]}
  onResponderRelease={[Function]}
  onResponderTerminate={[Function]}
  onResponderTerminationRequest={[Function]}
  onStartShouldSetResponder={[Function]}
  safeArea={true}
  style={
    Object {
      "backgroundColor": "#86B93B",
      "flex": 1,
    }
  }
  testID="verify-passphrase-container-container-touchable"
>
  <Image
    source={
      Object {
        "default": "RelativeImageStub",
      }
    }
    style={
      Array [
        Object {
          "flex": 1,
          "position": "absolute",
        },
      ]
    }
  />
  <RCTScrollView
    automaticallyAdjustContentInsets={false}
    contentInset={
      Object {
        "bottom": 0,
      }
    }
    enableAutomaticScroll={true}
    enableOnAndroid={true}
    enableResetScrollToCoords={true}
    extraHeight={50}
    extraScrollHeight={100}
    getScrollResponder={[Function]}
    handleOnScroll={[Function]}
    keyboardDismissMode="interactive"
    keyboardOpeningTime={250}
    keyboardSpace={0}
    onScroll={[Function]}
    resetKeyboardSpace={[Function]}
    scrollEventThrottle={1}
    scrollForExtraHeightOnAndroid={[Function]}
    scrollIntoView={[Function]}
    scrollToEnd={[Function]}
    scrollToFocusedInput={[Function]}
    scrollToPosition={[Function]}
    showsVerticalScrollIndicator={true}
    update={[Function]}
    viewIsInsideTabBar={false}
  >
    <View>
      <View
        accessibilityLabel="verify-passphrase-container-inputbox"
        accessible={true}
        style={
          Object {
            "flex": 1,
          }
        }
        testID="verify-passphrase-container-inputbox"
      >
        <View
          style={
            Object {
              "flexDirection": "row",
              "height": 63.52941176470588,
              "paddingTop": 19.058823529411764,
              "width": "100%",
            }
          }
        >
          <View
            accessibilityLabel="left-icon"
            accessible={true}
            style={
              Object {
                "alignItems": "center",
                "flexDirection": "row",
                "width": "15%",
              }
            }
          >
            <View
              accessible={true}
              focusable={true}
              isTVSelectable={true}
              onClick={[Function]}
              onResponderGrant={[Function]}
              onResponderMove={[Function]}
              onResponderRelease={[Function]}
              onResponderTerminate={[Function]}
              onResponderTerminationRequest={[Function]}
              onStartShouldSetResponder={[Function]}
              style={
                Object {
                  "opacity": 1,
                }
              }
              testID="left-icon"
            >
              <View
                style={
                  Object {
                    "transform": Array [
                      Object {
                        "scale": 1,
                      },
                    ],
                  }
                }
              >
                <RNSVGSvgView
                  align="xMidYMid"
                  bbHeight={30.628571428571426}
                  bbWidth={30.628571428571426}
                  color={4294967295}
                  fill="#FFFFFF"
                  focusable={false}
                  height={30.628571428571426}
                  meetOrSlice={0}
                  minX={0}
                  minY={0}
                  style={
                    Array [
                      Object {
                        "backgroundColor": "transparent",
                        "borderWidth": 0,
                      },
                      Object {
                        "marginBottom": 1.9142857142857141,
                        "marginLeft": 14.357142857142858,
                      },
                      Object {
                        "flex": 0,
                        "height": 30,
                        "width": 30,
                      },
                    ]
                  }
                  tintColor={4294967295}
                  vbHeight={24}
                  vbWidth={24}
                  width={30.628571428571426}
                >
                  <RNSVGGroup
                    fill={4294967295}
                    propList={
                      Array [
                        "fill",
                      ]
                    }
                  >
                    <RNSVGGroup>
                      <RNSVGGroup>
                        <RNSVGRect
                          height="24"
                          matrix={
                            Array [
                              6.123233995736766e-17,
                              1,
                              -1,
                              6.123233995736766e-17,
                              24,
                              0,
                            ]
                          }
                          opacity={0}
                          width="24"
                          x={0}
                          y={0}
                        />
                        <RNSVGPath
                          d="M13.83 19a1 1 0 0 1-.78-.37l-4.83-6a1 1 0 0 1 0-1.27l5-6a1 1 0 0 1 1.54 1.28L10.29 12l4.32 5.36a1 1 0 0 1-.78 1.64z"
                        />
                      </RNSVGGroup>
                    </RNSVGGroup>
                  </RNSVGGroup>
                </RNSVGSvgView>
              </View>
            </View>
          </View>
          <View
            style={
              Object {
                "alignItems": "center",
                "flexDirection": "row",
                "justifyContent": "center",
                "width": "85%",
              }
            }
          >
            <Text
              style={
                Object {
                  "color": "#777777",
                  "fontFamily": "System",
                  "fontSize": 21.057142857142857,
                  "marginLeft": -47.85714285714286,
                }
              }
            />
          </View>
        </View>
        <View
          center={true}
          style={
            Object {
              "alignItems": "center",
              "justifyContent": "center",
            }
          }
        >
          <Text
            allowFontScaling={false}
            style={
              Array [
                Object {
                  "fontSize": 17,
                },
                Object {
                  "fontFamily": "System",
                },
                Object {
                  "backgroundColor": "#333333",
                  "color": "#ffffff",
                },
                null,
                Object {
                  "textAlign": "center",
                },
                Object {
                  "backgroundColor": "transparent",
                },
                null,
                null,
                null,
                null,
                null,
                null,
                null,
                null,
                null,
                null,
                Object {
                  "fontSize": 22,
                  "fontWeight": "600",
                  "lineHeight": 27,
                  "marginBottom": 20,
                  "width": "100%",
                },
              ]
            }
          >
            Verify your Recovery Phrase
          </Text>
        </View>
        <View
          center={true}
          style={
            Object {
              "alignItems": "center",
              "justifyContent": "center",
            }
          }
        >
          <Text
            allowFontScaling={false}
            style={
              Array [
                Object {
                  "fontSize": 17,
                },
                Object {
                  "fontFamily": "System",
                },
                Object {
                  "backgroundColor": "#333333",
                  "color": "#ffffff",
                },
                null,
                Object {
                  "textAlign": "center",
                },
                Object {
                  "backgroundColor": "transparent",
                },
                null,
                null,
                null,
                null,
                null,
                null,
                null,
                null,
                null,
                null,
                Object {
                  "fontSize": 18,
                  "fontWeight": "500",
                  "lineHeight": 22,
                  "marginBottom": 20,
                  "marginTop": 20,
                  "paddingHorizontal": 20,
                },
              ]
            }
          >
            To verify that you have copied down your recovery phrase correctly, please enter it below.
          </Text>
        </View>
        <TextInput
          accessibilityLabel="verify-passphrase-container-text-input"
          accessible={true}
          allowFontScaling={true}
          autoCapitalize="none"
          autoCorrect={false}
          autoFocus={true}
          clearButtonMode="always"
          multiline={true}
          numberOfLines={1}
          onSubmitEditing={[Function]}
          placeholder="Enter recovery phrase here"
          placeholderTextColor="white"
          rejectResponderTermination={true}
          returnKeyLabel="done"
          returnKeyType="done"
          style={
            Array [
              Object {
                "backgroundColor": "rgba(0,0,0,0.33)",
                "color": "#FFFFFF",
                "fontSize": 20,
                "fontStyle": "italic",
                "height": 137,
                "marginBottom": 24,
                "marginLeft": 20,
                "marginRight": 20,
                "padding": 10,
                "textAlignVertical": "top",
              },
            ]
          }
          testID="verify-passphrase-container-text-input"
          underlineColorAndroid="transparent"
        />
      </View>
    </View>
  </RCTScrollView>
</RCTSafeAreaView>
`;
