// Jest Snapshot v1, https://goo.gl/fbAQLP

exports[`user about app screen should render properly and snapshot should match 1`] = `
<View
  style={
    Object {
      "flex": 1,
    }
  }
>
  <RNCSafeAreaProvider
    onInsetsChange={[Function]}
    style={
      Array [
        Object {
          "flex": 1,
        },
        undefined,
      ]
    }
  >
    <View
      pointerEvents="box-none"
      style={
        Object {
          "zIndex": 1,
        }
      }
    >
      <View
        accessibilityElementsHidden={false}
        importantForAccessibility="auto"
        onLayout={[Function]}
        pointerEvents="box-none"
        style={null}
      >
        <View
          pointerEvents="box-none"
          style={
            Object {
              "bottom": 0,
              "left": 0,
              "opacity": 1,
              "position": "absolute",
              "right": 0,
              "top": 0,
              "zIndex": 0,
            }
          }
        >
          <View
            style={
              Object {
                "backgroundColor": "rgb(255, 255, 255)",
                "borderBottomColor": "rgb(216, 216, 216)",
                "flex": 1,
                "shadowColor": "rgb(216, 216, 216)",
                "shadowOffset": Object {
                  "height": 0.5,
                  "width": 0,
                },
                "shadowOpacity": 0.85,
                "shadowRadius": 0,
              }
            }
          />
        </View>
        <View
          pointerEvents="box-none"
          style={
            Object {
              "height": 64,
              "maxHeight": undefined,
              "minHeight": undefined,
              "opacity": undefined,
              "transform": undefined,
            }
          }
        >
          <View
            pointerEvents="none"
            style={
              Object {
                "height": 20,
              }
            }
          />
          <View
            pointerEvents="box-none"
            style={
              Object {
                "alignItems": "center",
                "flex": 1,
                "flexDirection": "row",
                "justifyContent": "center",
              }
            }
          >
            <View
              pointerEvents="box-none"
              style={
                Object {
                  "marginHorizontal": 16,
                  "opacity": 1,
                }
              }
            >
              <Text
                accessibilityRole="header"
                aria-level="1"
                collapsable={false}
                nativeID="animatedComponent"
                numberOfLines={1}
                onLayout={[Function]}
                style={
                  Object {
                    "color": "rgb(28, 28, 30)",
                    "fontSize": 17,
                    "fontWeight": "600",
                  }
                }
              >
                MockedScreen
              </Text>
            </View>
          </View>
        </View>
      </View>
    </View>
    <RNSScreenContainer
      onLayout={[Function]}
      style={
        Object {
          "flex": 1,
        }
      }
    >
      <RNSScreen
        activityState={2}
        forwardedRef={[Function]}
        pointerEvents="box-none"
        style={
          Object {
            "bottom": 0,
            "left": 0,
            "position": "absolute",
            "right": 0,
            "top": 0,
          }
        }
      >
        <View
          collapsable={false}
          style={
            Object {
              "opacity": 1,
            }
          }
        />
        <View
          accessibilityElementsHidden={false}
          closing={false}
          gestureVelocityImpact={0.3}
          importantForAccessibility="auto"
          onClose={[Function]}
          onGestureBegin={[Function]}
          onGestureCanceled={[Function]}
          onGestureEnd={[Function]}
          onOpen={[Function]}
          onTransitionStart={[Function]}
          pointerEvents="box-none"
          style={
            Object {
              "bottom": 0,
              "left": 0,
              "position": "absolute",
              "right": 0,
              "top": 0,
            }
          }
          transitionSpec={
            Object {
              "close": Object {
                "animation": "spring",
                "config": Object {
                  "damping": 500,
                  "mass": 3,
                  "overshootClamping": true,
                  "restDisplacementThreshold": 10,
                  "restSpeedThreshold": 10,
                  "stiffness": 1000,
                },
              },
              "open": Object {
                "animation": "spring",
                "config": Object {
                  "damping": 500,
                  "mass": 3,
                  "overshootClamping": true,
                  "restDisplacementThreshold": 10,
                  "restSpeedThreshold": 10,
                  "stiffness": 1000,
                },
              },
            }
          }
        >
          <View
            collapsable={false}
            nativeID="animatedComponent"
            needsOffscreenAlphaCompositing={false}
            pointerEvents="box-none"
            style={
              Object {
                "flex": 1,
              }
            }
          >
            <View
              enabled={false}
              hitSlop={
                Object {
                  "right": -270,
                }
              }
              maxDeltaY={20}
              minOffsetX={5}
              onHandlerStateChange={[Function]}
            >
              <View
                style={
                  Object {
                    "flex": 1,
                    "transform": Array [
                      Object {
                        "translateX": 0,
                      },
                      Object {
                        "translateX": 0,
                      },
                    ],
                  }
                }
              >
                <View
                  pointerEvents="none"
                  style={
                    Object {
                      "backgroundColor": "rgb(242, 242, 242)",
                      "bottom": 0,
                      "left": 0,
                      "position": "absolute",
                      "shadowColor": "#000",
                      "shadowOffset": Object {
                        "height": 1,
                        "width": -1,
                      },
                      "shadowOpacity": 0.3,
                      "shadowRadius": 5,
                      "top": 0,
                      "width": 3,
                    }
                  }
                />
                <View
                  style={
                    Array [
                      Object {
                        "flex": 1,
                        "overflow": "hidden",
                      },
                      Array [
                        Object {
                          "backgroundColor": "rgb(242, 242, 242)",
                        },
                        undefined,
                      ],
                    ]
                  }
                >
                  <View
                    style={
                      Object {
                        "flex": 1,
                        "flexDirection": "column-reverse",
                      }
                    }
                  >
                    <View
                      style={
                        Object {
                          "flex": 1,
                        }
                      }
                    >
                      <View
                        style={
                          Object {
                            "backgroundColor": "#ffffff",
                            "flex": 1,
                          }
                        }
                        tertiary={true}
                      >
                        <View
                          center={true}
                          doubleVerticalSpace={true}
                          style={
                            Object {
                              "alignItems": "center",
                              "justifyContent": "center",
                              "paddingVertical": 16,
                            }
                          }
                        >
                          <Image
                            source={null}
                          />
                          <View
                            center={true}
                            doubleVerticalSpace={true}
                            style={
                              Object {
                                "alignItems": "center",
                                "justifyContent": "center",
                                "paddingVertical": 16,
                              }
                            }
                          >
                            <Text
                              allowFontScaling={false}
                              style={
                                Array [
                                  Object {
                                    "fontSize": 17,
                                  },
                                  Object {
                                    "fontFamily": "System",
                                  },
                                  Object {
                                    "backgroundColor": "#ffffff",
                                    "color": "#777777",
                                  },
                                  Object {
                                    "fontWeight": "bold",
                                  },
                                  null,
                                  null,
                                  null,
                                  null,
                                  null,
                                  null,
                                  null,
                                  null,
                                  null,
                                  null,
                                  null,
                                  null,
                                ]
                              }
                            >
                              AppName
                            </Text>
                          </View>
                          <View
                            center={true}
                            doubleVerticalSpace={true}
                            style={
                              Object {
                                "alignItems": "center",
                                "justifyContent": "center",
                                "paddingVertical": 16,
                              }
                            }
                          >
                            <Text
                              allowFontScaling={false}
                              style={
                                Array [
                                  Object {
                                    "fontSize": 17,
                                  },
                                  Object {
                                    "fontFamily": "System",
                                  },
                                  Object {
                                    "backgroundColor": "#ffffff",
                                    "color": "#777777",
                                  },
                                  Object {
                                    "fontWeight": "600",
                                  },
                                  null,
                                  null,
                                  null,
                                  null,
                                  null,
                                  null,
                                  null,
                                  null,
                                  null,
                                  null,
                                  null,
                                  null,
                                ]
                              }
                            >
                              VERSION # 
                              1.0
                              .
                              500
                            </Text>
                          </View>
                          <View
                            center={true}
                            style={
                              Object {
                                "alignItems": "center",
                                "justifyContent": "center",
                                "paddingVertical": 8,
                              }
                            }
                            verticalSpace={true}
                          >
                            <Text
                              allowFontScaling={false}
                              style={
                                Array [
                                  Object {
                                    "fontSize": 17,
                                  },
                                  Object {
                                    "fontFamily": "System",
                                  },
                                  Object {
                                    "backgroundColor": "#ffffff",
                                    "color": "#777777",
                                  },
                                  Object {
                                    "fontWeight": "600",
                                  },
                                  null,
                                  Object {
                                    "backgroundColor": "transparent",
                                  },
                                  null,
                                  null,
                                  null,
                                  null,
                                  null,
                                  null,
                                  null,
                                  null,
                                  null,
                                  null,
                                ]
                              }
                            />
                          </View>
                          <View
                            style={
                              Object {
                                "alignItems": "center",
                                "borderBottomColor": "#D8D8D8",
                                "borderBottomWidth": 2,
                                "height": 2,
                                "paddingVertical": 8,
                                "width": 140,
                              }
                            }
                            vCenter={true}
                            verticalSpace={true}
                          />
                          <View
                            doubleVerticalSpace={true}
                            style={
                              Object {
                                "paddingVertical": 16,
                              }
                            }
                          >
                            <Text
                              allowFontScaling={false}
                              style={
                                Array [
                                  Object {
                                    "fontSize": 11,
                                  },
                                  Object {
                                    "fontFamily": "System",
                                  },
                                  Object {
                                    "backgroundColor": "#ffffff",
                                    "color": "#777777",
                                  },
                                  null,
                                  null,
                                  Object {
                                    "backgroundColor": "transparent",
                                  },
                                  null,
                                  null,
                                  null,
                                  null,
                                  null,
                                  null,
                                  null,
                                  null,
                                  null,
                                  null,
                                  Object {
                                    "paddingBottom": 10,
                                  },
                                ]
                              }
                            >
                              built by
                            </Text>
                            <Text
                              style={
                                Object {
                                  "color": "#777777",
                                  "fontFamily": "System",
                                  "fontSize": 23,
                                  "fontWeight": "600",
                                  "marginTop": -12,
                                }
                              }
                            >
                              Your Company
                            </Text>
                          </View>
                          <View
                            style={
                              Object {
                                "paddingVertical": 8,
                              }
                            }
                            verticalSpace={true}
                          >
                            <Text
                              allowFontScaling={false}
                              style={
                                Array [
                                  Object {
                                    "fontSize": 11,
                                  },
                                  Object {
                                    "fontFamily": "System",
                                  },
                                  Object {
                                    "backgroundColor": "#ffffff",
                                    "color": "#777777",
                                  },
                                  null,
                                  null,
                                  Object {
                                    "backgroundColor": "transparent",
                                  },
                                  null,
                                  null,
                                  null,
                                  null,
                                  null,
                                  null,
                                  null,
                                  null,
                                  null,
                                  null,
                                  Object {
                                    "paddingBottom": 5,
                                  },
                                ]
                              }
                            >
                              powered by
                            </Text>
                            <Image
                              source={
                                Object {
                                  "default": "RelativeImageStub",
                                }
                              }
                            />
                          </View>
                        </View>
                        <View
                          style={
                            Object {
                              "flex": 1,
                            }
                          }
                        >
                          <View
                            accessible={true}
                            focusable={true}
                            onClick={[Function]}
                            onResponderGrant={[Function]}
                            onResponderMove={[Function]}
                            onResponderRelease={[Function]}
                            onResponderTerminate={[Function]}
                            onResponderTerminationRequest={[Function]}
                            onStartShouldSetResponder={[Function]}
                          >
                            <View
                              style={
                                Object {
                                  "alignItems": "center",
                                  "backgroundColor": "#ffffff",
                                  "borderColor": "#bcbbc1",
                                  "flexDirection": "row",
                                  "padding": 14,
                                }
                              }
                              testID="padView"
                            />
                          </View>
                          <View
                            accessible={true}
                            focusable={true}
                            onClick={[Function]}
                            onResponderGrant={[Function]}
                            onResponderMove={[Function]}
                            onResponderRelease={[Function]}
                            onResponderTerminate={[Function]}
                            onResponderTerminationRequest={[Function]}
                            onStartShouldSetResponder={[Function]}
                          >
                            <View
                              style={
                                Object {
                                  "alignItems": "center",
                                  "backgroundColor": "#ffffff",
                                  "borderColor": "#bcbbc1",
                                  "flexDirection": "row",
                                  "padding": 14,
                                }
                              }
                              testID="padView"
                            />
                          </View>
                        </View>
                      </View>
                    </View>
                  </View>
                </View>
              </View>
            </View>
          </View>
        </View>
      </RNSScreen>
    </RNSScreenContainer>
  </RNCSafeAreaProvider>
</View>
`;
